{
  "source": {
    "file": "defObjectTypeDef1.bal"
  },
  "position": {
    "line": 6,
    "character": 25
  },
  "result": [
    {
      "range": {
        "start": {
          "line": 161,
          "character": 27
        },
        "end": {
          "line": 161,
          "character": 30
        }
      },
      "uri": "src/ballerina_http_1.0.0/client_endpoint.bal"
    }
  ]
}
